;删除本文件可以恢复默认值。
;这是SSCOM的设置保存文件,您在程序中设置好的串口参数和字符串数据都会自动保存,请最好不要用外部编辑器改动本文件!
;如果文件被修改后程序不能打开,请删除本文件,程序将会自动生成一个新的ini文件.
;靠行首的半角分号是注释符号
;每行都以回车结束

;"="后面的H表示这是个HEX数据串
;"="后面的A表示这是个ASC字符串
;Nx表示第几条定义的字符串(1<x<=N)
N101=1,NRST,200
N1=A,AT+NRST=1\r\n

N102=2,VER_?,200
N2=A,AT+VER=?\r\n

N103=3,GMAC_?,200
N3=A,AT+GMAC=?\r\n

N104=4,NAME_?,200
N4=A,AT+NAME=?\r\n

N105=5,MeigSmart,200
N5=A,AT+NAME=MeigSmart>\r\n

N106=6,STATUS_?,200
N6=A,AT+GSTATUS=?\r\n

N107=7,STATUS_0,200
N7=A,AT+GSTATUS=0\r\n

N108=8,CPP,200
N8=A,AT+CPP=1\r\n

N109=9,CPA,200
N9=A,AT+CPA=1\r\n

N110=10,CPU,200
N10=A,AT+CPU=1\r\n

N111=11,CPN,200
N11=A,AT+CPN=1\r\n

N112=12,CPV,200
N12=A,AT+CPV=1\r\n

N113=13,CVOL_?,200
N13=A,AT+CVOL=?\r\n

N114=14,CVOL_MIN,200
N14=A,AT+CVOL=0\r\n

N115=15,CVOL_MAX,200
N15=A,AT+CVOL=16\r\n

N116=16,ATC,200
N16=A,AT+ATC=1\r\n

N117=55,RJC,1000
N17=A,AT+RJC=1\r\n

N118=17,HTC,1000
N18=A,AT+HTC=1\r\n

N119=18,RDC,1000
N19=A,AT+RDC=1\r\n

N120=50,SSD,1000
N20=A,AT+SSD=1\r\n

N121=58,SBT,1000
N21=A,AT+SBT=1\r\n 

N122=50,FACT,1000
N22=A,AT+FACT=0\r\n

N123=50,CALL_?,1000
N23=A,AT+CALL=?\r\n

N124=53,CALL_0,1000
N24=A,AT+CALL=0\r\n

N125=50,CALL_1,1000
N25=A,AT+CALL=1\r\n

N126=54,EQ_?,1000
N26=A,AT+CEQ=?\r\n

N127=50,NORMAL,1000
N27=A,AT+CEQ=NORMAL\r\n

N128=50,BOOST,1000
N28=A,AT+CEQ=BOOST\r\n

N129=50,TREBLE,1000
N29=A,AT+CEQ=TREBLE\r\n

N130=50,POP,1000
N30=A,AT+CEQ=POP\r\n

N131=50,ROCK,1000
N31=A,AT+CEQ=ROCK\r\n

N132=50,CLASSIC,1000
N32=A,AT+CEQ=CLASSIC\r\n

N133=50,JAZZ,1000
N33=A,AT+CEQ=JAZZ\r\n

N134=50,DANCE,1000
N34=A,AT+CEQ=DANCE\r\n

N135=50,R&&P,1000
N35=A,AT+CEQ=R&P\r\n

N136=50,NOT,1000
N36=A,AT+CEQ=rwer\r\n

N137=50,37无注释,1000
N37=A,

N138=50,38无注释,1000
N38=A,AT+CVOL=10\r\n

N139=50,39无注释,1000
N39=A,

N140=50,40无注释,1000
N40=A,

N141=50,41无注释,1000
N41=H,AA 02 01 00 02 26 00 ED 21

N142=50,42无注释,1000
N42=A,

N143=50,43无注释,1000
N43=A,

N144=50,44无注释,1000
N44=A,

N145=50,45无注释,1000
N45=A,

N146=50,46无注释,1000
N46=A,

N147=50,47无注释,1000
N47=A,

N148=50,48无注释,1000
N48=A,

N149=50,49无注释,1000
N49=A,AT+set_adv=969018edf68443e3b9756dc87aefe25128661600358908855555555224\r\n

N150=50,50无注释,1000
N50=A,AT+set_adv=\r\n

N151=50,JX_MAC,1000
N51=A,AT+S_JL_MAC=6823101913EC\r\n

N152=50,JX_UID,1000
N52=A,AT+S_JL_UID=A816C7\r\n

N153=50,JX_LIC,1000
N53=A,AT+S_JL_LIC=a48183c6a51deca4392e6e6c9ab08b6c\r\n

N154=50,PT_MAC,1000
N54=A,AT+S_JL_MAC=682311160001\r\n

N155=50,PT_UID,1000
N55=A,AT+S_JL_UID=C8B566\r\n

N156=50,PT_LIC,1000
N56=A,AT+S_JL_LIC=4c6bd896a732b8c8c28f42055d0e6608\r\n

N157=50,JL_MAC,1000
N57=A,AT+S_JL_MAC=4012F045A043\r\n

N158=50,JL_LIC,1000
N58=A,AT+S_JL_LIC=450fcccede751f53a6d5466937db6741\r\n

N159=50,JL_UID,1000
N59=A,AT+S_JL_UID=66555A\r\n

N160=50,JL_KEY,1000
N60=A,AT+S_JL_KEY=BDHPD9472YUXZTL8\r\n

N161=50,G_JL_MAC,1000
N61=A,AT+G_JL_MAC\r\n

N162=50,G_JL_UID,30
N62=A,AT+G_JL_UID\r\n

N163=50,G_JL_KEY,30
N63=A,AT+G_JL_KEY\r\n

N164=50,G_JL_LIC,30
N64=A,AT+G_JL_LIC\r\n

N165=50,G_JL_CODE,30
N65=A,AT+G_JL_CODE\r\n

N166=50,G_JL_VER,30
N66=A,AT+G_JL_VER\r\n

N167=50,MAC,1000
N67=A,AT+SET_MAC=DC234FCC7439\r\n

N168=50,UUID,1000
N68=A,AT+SET_UID=uuid50d0e23a1dcd\r\n

N169=50,KEY,1000
N69=A,AT+SET_KEY=Hh8atflLx5Ox4voTA3VEaX0are6zV2tw\r\n

N170=50,LOG失能,1000
N70=A,AT+S_JL_DT=1\r\n

N171=50,GET_MAC,1000
N71=A,

N172=50,S_MAC,1000
N72=A,AT+SET_MAC=DC234E353092\r\n

N173=50,S_UID,1000
N73=A,AT+SET_UID=jx01adfdf9ba6708\r\n

N174=50,S_KEY,1000
N74=A,AT+SET_KEY=NZ6yofSywWLokhTissXGIfrPx9RkmMSs\r\n

N175=50,S_MAC,1000
N75=A,AT+SET_MAC=DC234D40A73F\r\n

N176=50,S_UID,1000
N76=A,AT+SET_UID=jx0193ea79d6311e\r\n

N177=50,S_KEY,1000
N77=A,AT+SET_KEY=G6Tm1R07Oz789efwMAvgBIoHx3XCY5C7\r\n

N178=50,G_MAC,1000
N78=A,AT+GET_MAC\r\n

N179=50,G_UID,1000
N79=A,AT+GET_UID\r\n

N180=50,G_KEY,1000
N80=A,AT+GET_KEY\r\n

N181=50,81无注释,1000
N81=A,

N182=50,82无注释,1000
N82=A,

N183=50,83无注释,1000
N83=A,AT+S_ADV_DT=0201060303cb2b0aff4a584b4a2d54455354\r\n

N184=50,84无注释,1000
N84=A,AT+S_MS_UUID=0000000100001001800100805f9b07d0\r\n

N185=50,85无注释,1000
N85=A,

N186=50,86无注释,1000
N86=A,AT+S_MS_UUID=\r\n

N187=50,87无注释,1000
N87=A,AT+S_MS_UUID=0000000200001001800100805f9b07d0\r\n

N188=50,88无注释,1000
N88=A,

N189=50,89无注释,1000
N89=A,AT+G_MS_NAME\r\n

N190=50,90无注释,1000
N90=A,AT+S_MS_NAME=ty-xx\r\n

N191=50,91无注释,1000
N91=A,AT+G_SM_NAME\r\n

N192=50,92无注释,1000
N92=A,AT+S_SM_NAME=HS01\r\n

N193=50,93无注释,1000
N93=A,AT+G_MS_UUID\r\n

N194=50,94无注释,1000
N94=A,AT+G_SM_UUID\r\n

N195=50,TY_MAC,1000
N95=A,AT+SET_MAC=DC234D40A662\r\n

N196=50,TY_UID,1000
N96=A,AT+SET_UID=jx01712ffce00661\r\n

N197=50,TY_KEY,1000
N97=A,AT+SET_KEY=VsAAMYVs4O3IzDAEbfdAxLcflgiAAg2K\r\n

N198=50,98无注释,1000
N98=H,00

N199=50,99无注释,1000
N99=A,??

;发送文件时每256字节延时时间ms
N1051=,1
;打开文件地址和名称
N1052=,1000
;主面板ASC字符串
N1053=,[2024-02-27 10:29:02.264] commandline read: serviceWM[2024-02-27 10:29:02.331] (*) Direct/Thread: Started 'SigHandler' (1322) [CRITICAL - OTHER/0] <8388608>...[2024-02-27 10:29:02.331] [2024-02-27 10:29:02.331]    ~~~~~~~~~~~~~~~~~~~~~~~~~| DirectFB 1.7.7 |~~~~~~~~~~~~~~~~~~~~~~~~~~[2024-02-27 10:29:02.332]         (c) 2012-2015  DirectFB integrated media GmbH[2024-02-27 10:29:02.332]         (c) 2001-2015  The world wide DirectFB Open Source Community[2024-02-27 10:29:02.332]         (c) 2000-2004  Convergence (integrated media) GmbH[2024-02-27 10:29:02.332]       ----------------------------------------------------------------[2024-02-27 10:29:02.332] [2024-02-27 10:29:02.332] (*) DirectFB/Core: Multi Application Core. (2024-02-26 00:52) [2024-02-27 10:29:02.332] (*) Direct/Memcpy: Forced to use armasm_memcpy()[2024-02-27 10:29:02.374] (*) Fusion/SHM: Using MADV_REMOVE (4.4.0.0 >= 2.6.19.2)[2024-02-27 10:29:02.374] (*) Fusion/SHM: Shared root (0) is 1440 bytes [0x1000 @ 0x20000000][2024-02-27 10:29:02.374] (*) Direct/Thread: Started 'Fusion Dispatch' (1324) [MESSAGING - OTHER/0] <8388608>...[2024-02-27 10:29:02.374] (*) Direct/Thread: Started 'Fusion Deferred' (1325) [MESSAGING - OTHER/0] <8388608>...[2024-02-27 10:29:02.421] (*) Direct/Thread: Started 'VT Switcher' (1328) [CRITICAL - OTHER/0] <8388608>...[2024-02-27 10:29:02.453] (*) Direct/Thread: Started 'VT Flusher' (1329) [DEFAULT - OTHER/0] <8388608>...[2024-02-27 10:29:02.454] (*) DirectFB/FBDev: Found '' (ID 256) with frame buffer at 0xdd100000 32768k (MMIO 0xda244000 0k)[2024-02-27 10:29:02.454] (*) Direct/Thread: Started 'GX_IR' (1330) [INPUT - OTHER/0] <8388608>...[2024-02-27 10:29:02.474] (*) DirectFB/Input: GX_IR 0.3 (directfb.org)[2024-02-27 10:29:02.503] warning: flash does not support protect![2024-02-27 10:29:02.503] (*) Direct/Thread: Started 'GX_KEYBOARD' (1331) [INPUT - OTHER/0] <8388608>...[2024-02-27 10:29:02.504] (*) DirectFB/Input: GX_KEYBOARD 0.3 (directfb.org)[2024-02-27 10:29:02.724] (*) Direct/Thread: Started 'PS/2 Input' (1334) [INPUT - OTHER/0] <8388608>...[2024-02-27 10:29:02.724] (*) DirectFB/Input: IMPS/2 Mouse (1) 1.0 (directfb.org)[2024-02-27 10:29:02.775] (*) Direct/Thread: Started 'PS/2 Input' (1336) [INPUT - OTHER/0] <8388608>...[2024-02-27 10:29:02.775] (*) DirectFB/Input: IMPS/2 Mouse (2) 1.0 (directfb.org)[2024-02-27 10:29:02.823] (*) Direct/Thread: Started 'Linux Input' (1337) [INPUT - OTHER/0] <8388608>...[2024-02-27 10:29:02.866] (*) DirectFB/Input: goxceed remote control 0.1 (directfb.org)[2024-02-27 10:29:02.866] (*) Direct/Thread: Started 'Hotplug with Linux Input' (1338) [INPUT - OTHER/0] <8388608>...[2024-02-27 10:29:02.866] (*) DirectFB/Input: Hot-plug detection enabled with Linux Input Driver [2024-02-27 10:29:02.866] dev : /dev/fb0[2024-02-27 10:29:02.867] local->devfd = 26[2024-02-27 10:29:02.867] (*) DirectFB/Graphics: National Chip gxcard-1.0 1.0 (directfb.org)[2024-02-27 10:29:02.867] @@@@@@@@@@@@@@@@Set Encoder OK@@@@@@@@@@@@@@@@[2024-02-27 10:29:02.867] *out_connectors = 0x48[2024-02-27 10:29:02.867] (*) DirectFB/Core/WM: SaWMan 0.2 (directfb.org)[2024-02-27 10:29:02.867] (*) Direct/Thread: Started 'Genefx' (1339) [DEFAULT - OTHER/0] <8388608>...[2024-02-27 10:29:02.903] (*) SaWMan: Initializing stack 0x2109a200 for tier 0x224b3000 0x0 layer 0 context 0x20091000 [537464864]...[2024-02-27 10:29:02.903] (*) SaWMan/Init: Layer  0:  1280x720 ARGB options: 0[2024-02-27 10:29:02.903] (*) SaWMan/Init: Border 0:  1280x720 ARGB options: 8[2024-02-27 10:29:03.415] warning: flash does not support protect![2024-02-27 10:29:03.606] warning: flash does not support protect![2024-02-27 10:29:03.606] ifconfig: SIOCSIFHWADDR: Cannot assign requested address[2024-02-27 10:29:03.649] --------------start browser start----------------[2024-02-27 10:29:03.649] /usr/bin/browser[2024-02-27 10:29:03.649] --no-display --disable-gpu file:///usr/bin/res_browser_full/dcas_app/start.html[2024-02-27 10:29:03.650] [Player] av_secure_memhole_init: firewall_flag = 0[2024-02-27 10:29:03.718] commandline read: service_apm[2024-02-27 10:29:03.718] commandline read: -u[2024-02-27 10:29:03.718] commandline read: /usr/data/appcfg.ini[2024-02-27 10:29:03.719] commandline read: -s[2024-02-27 10:29:03.719] commandline read: /usr/data/syscfg.ini[2024-02-27 10:29:03.719] (*) Direct/Thread: Started 'SigHandler' (1364) [CRITICAL - OTHER/0] <8388608>...[2024-02-27 10:29:03.719] [2024-02-27 10:29:03.719]    ~~~~~~~~~~~~~~~~~~~~~~~~~| DirectFB 1.7.7 |~~~~~~~~~~~~~~~~~~~~~~~~~~[2024-02-27 10:29:03.719]         (c) 2012-2015  DirectFB integrated media GmbH[2024-02-27 10:29:03.719]         (c) 2001-2015  The world wide DirectFB Open Source Community[2024-02-27 10:29:03.719]         (c) 2000-2004  Convergence (integrated media) GmbH[2024-02-27 10:29:03.761]       ----------------------------------------------------------------[2024-02-27 10:29:03.762] [2024-02-27 10:29:03.762] (*) DirectFB/Core: Multi Application Core. (2024-02-26 00:52) [2024-02-27 10:29:03.762] (*) Direct/Memcpy: Forced to use armasm_memcpy()[2024-02-27 10:29:03.762] (*) Fusion/SHM: Using MADV_REMOVE (4.4.0.0 >= 2.6.19.2)[2024-02-27 10:29:03.762] (*) Fusion/SHM: Shared root (0) is 1440 bytes [0x1000 @ 0x20000000][2024-02-27 10:29:03.762] (*) Direct/Thread: Started 'Fusion Dispatch' (1365) [MESSAGING - OTHER/0] <8388608>...[2024-02-27 10:29:03.763] (*) Direct/Thread: Started 'Fusion Deferred' (1366) [MESSAGING - OTHER/0] <8388608>...[2024-02-27 10:29:03.763] (*) Core/Resource: Adding ID 2 - '/usr/bin/service_apm'[2024-02-27 10:29:03.798] dev : /dev/fb0[2024-02-27 10:29:03.798] (*) DirectFB/Graphics: National Chip gxcard-1.0 1.0 (directfb.org)[2024-02-27 10:29:03.799] --------------start browser start----------------[2024-02-27 10:29:03.799] /usr/bin/browser[2024-02-27 10:29:03.799] --disable-gpu file:///usr/bin/res_browser_full/dbs/init.html[2024-02-27 10:29:04.006] warning: flash does not support protect![2024-02-27 10:29:04.406] warning: flash does not support protect![2024-02-27 10:29:05.122] Initializing WidgetApp for WebApp 2017-8-12 2:39[2024-02-27 10:29:05.122] Initializing WidgetApp for WebApp 2017-8-12 2:39[2024-02-27 10:29:05.149]
[    8.741669] service_appman (1349): /proc/1352/oom_adj is deprecated please use /proc/1352/oom_score_adj instead.[2024-02-27 10:29:05.181] warning: flash does not support protect![2024-02-27 10:29:05.233]
[    8.813028] have found Nationalchip GX1121D ABS chip.[2024-02-27 10:29:05.233]
[    8.818925] gx_i2c_open_dev()find active i2c devicei2c_devid=1[2024-02-27 10:29:05.233]
[    8.825911] Tuner type: RDA5815M[2024-02-27 10:29:05.234]
[    8.829154] DVB: Attach Tuner (rda5815m)[2024-02-27 10:29:05.234]
[    8.834876] select mode is 2 [2024-02-27 10:29:05.281] commandline read: start.html[2024-02-27 10:29:05.281] commandline read: init.html[2024-02-27 10:29:05.327] (*) Direct/Thread: Started 'SigHandler' (1417) [CRITICAL - OTHER/0] <8388608>...[2024-02-27 10:29:05.327] [2024-02-27 10:29:05.327]    ~~~~~~~~~~~~~~~~~~~~~~~~~| DirectFB 1.7.7 |~~~~~~~~~~~~~~~~~~~~~~~~~~[2024-02-27 10:29:05.328]         (c) 2012-2015  DirectFB integrated media GmbH[2024-02-27 10:29:05.328]         (c) 2001-2015  The world wide DirectFB Open Source Community[2024-02-27 10:29:05.328]         (c) 2000-2004  Convergence (integrated media) GmbH[2024-02-27 10:29:05.328]       ----------------------------------------------------------------[2024-02-27 10:29:05.328] [2024-02-27 10:29:05.328] (*) DirectFB/Core: Multi Application Core. (2024-02-26 00:52) [2024-02-27 10:29:05.329] (*) Direct/Thread: Started 'SigHandler' (1418) [CRITICAL - OTHER/0] <8388608>...[2024-02-27 10:29:05.370] [2024-02-27 10:29:05.370]    ~~~~~~~~~~~~~~~~~~~~~~~~~| DirectFB 1.7.7 |~~~~~~~~~~~~~~~~~~~~~~~~~~[2024-02-27 10:29:05.371]         (c) 2012-2015  DirectFB integrated media GmbH[2024-02-27 10:29:05.371]         (c) 2001-2015  The world wide DirectFB Open Source Community[2024-02-27 10:29:05.371]         (c) 2000-2004  Convergence (integrated media) GmbH[2024-02-27 10:29:05.371]       ----------------------------------------------------------------[2024-02-27 10:29:05.371] [2024-02-27 10:29:05.371] (*) DirectFB/Core: Multi Application Core. (2024-02-26 00:52) [2024-02-27 10:29:05.371] (*) Direct/Memcpy: Forced to use armasm_memcpy()[2024-02-27 10:29:05.413] (*) Fusion/SHM: Using MADV_REMOVE (4.4.0.0 >= 2.6.19.2)[2024-02-27 10:29:05.413] (*) Direct/Memcpy: Forced to use armasm_memcpy()[2024-02-27 10:29:05.414] (*) Fusion/SHM: Using MADV_REMOVE (4.4.0.0 >= 2.6.19.2)[2024-02-27 10:29:05.414] (*) Fusion/SHM: Shared root (0) is 1440 bytes [0x1000 @ 0x20000000][2024-02-27 10:29:05.414] (*) Fusion/SHM: Shared root (0) is 1440 bytes [0x1000 @ 0x20000000][2024-02-27 10:29:05.414] (*) Direct/Thread: Started 'Fusion Dispatch' (1420) [MESSAGING - OTHER/0] <8388608>...[2024-02-27 10:29:05.414] (*) Direct/Thread: Started 'Fusion Dispatch' (1421) [MESSAGING - OTHER/0] <8388608>...[2024-02-27 10:29:05.467] (*) Direct/Thread: Started 'Fusion Deferred' (1422) [MESSAGING - OTHER/0] <8388608>...[2024-02-27 10:29:05.467] (*) Core/Resource: Adding ID 4 - '/usr/bin/browser/content_shell'[2024-02-27 10:29:05.467] (*) Direct/Thread: Started 'Fusion Deferred' (1423) [MESSAGING - OTHER/0] <8388608>...[2024-02-27 10:29:05.467] (*) Core/Resource: Adding ID 3 - '/usr/bin/browser/content_shell'[2024-02-27 10:29:05.467] dev : /dev/fb0[2024-02-27 10:29:05.467] (*) DirectFB/Graphics: National Chip gxcard-1.0 1.0 (directfb.org)[2024-02-27 10:29:05.468] dev : /dev/fb0[2024-02-27 10:29:05.468] (*) DirectFB/Graphics: National Chip gxcard-1.0 1.0 (directfb.org)[2024-02-27 10:29:05.611]
[    9.222664] random: content_shell: uninitialized urandom read (16 bytes read 86 bits of entropy available)[2024-02-27 10:29:05.632] udhcpc: started v1.27.2[2024-02-27 10:29:05.664]
[    9.264236] [rda5815m_init:114] tuner init ok![2024-02-27 10:29:05.685]
[    9.277355] random: content_shell: uninitialized urandom read (16 bytes read 86 bits of entropy available)[2024-02-27 10:29:05.760]
[    9.302563] random: content_shell: uninitialized urandom read (16 bytes read 86 bits of entropy available)[2024-02-27 10:29:05.760] udhcpc: sending discover[2024-02-27 10:29:05.760]
[    9.328064] random: content_shell: uninitialized urandom read (8 bytes read 86 bits of entropy available)[2024-02-27 10:29:05.760]
[    9.343160] random: content_shell: uninitialized urandom read (16 bytes read 86 bits of entropy available)[2024-02-27 10:29:05.760]
[    9.360848] random: content_shell: uninitialized urandom read (16 bytes read 86 bits of entropy available)[2024-02-27 10:29:05.761]
[    9.371103] random: content_shell: uninitialized urandom read (16 bytes read 86 bits of entropy available)[2024-02-27 10:29:05.822]
[    9.381190] random: content_shell: uninitialized urandom read (16 bytes read 86 bits of entropy available)[2024-02-27 10:29:05.822]
[    9.398639] random: content_shell: uninitialized urandom read (16 bytes read 86 bits of entropy available)[2024-02-27 10:29:05.822]
[    9.413888] random: content_shell: uninitialized urandom read (8 bytes read 86 bits of entropy available)[2024-02-27 10:29:05.885]
[    9.492725] [rda5815m_init:114] tuner init ok![2024-02-27 10:29:05.917] [HAL DMX] Compile Time: Feb 26 2024 08:54:49 [2024-02-27 10:29:06.061] [udmx] setup tdt [2024-02-27 10:29:07.049] [DTHNITDESCR] deliveryType[0x43] networkId[0x999]->serviceUpdateVersion[0x3][2024-02-27 10:29:07.561]  DCASServer 90[2024-02-27 10:29:07.561]  DCASServer 92[2024-02-27 10:29:07.673] warning: flash does not support protect![2024-02-27 10:29:07.689] [Player] av_secure_memhole_init: firewall_flag = 0[2024-02-27 10:29:07.833] ==== Initinalize GxPlayer_Open(AV&LOGO) [2024-02-27 10:29:08.227] ====0xb4b007e0: will AS GxPlayer_MediaPlay(LOGO) url = /tmp/iframe_temp.bin[2024-02-27 10:29:08.819] ====AS GxPlayer_MediaPlay(LOGO) url = /tmp/iframe_temp.bin[2024-02-27 10:29:08.891] warning: flash does not support protect![   12.484824] panel type: FD650 V1.0 DIG3[2024-02-27 10:29:08.891] [2024-02-27 10:29:08.907] GX_COLOR_FMT_ARGB8888![2024-02-27 10:29:08.923] udhcpc: sending discover[2024-02-27 10:29:08.955] (*) FBDev/Mode: Setting 1280x720 ARGB[2024-02-27 10:29:08.976] (*) FBDev/Mode: Switched to 1280x720 (virtual 1280x1440) at 32 bit (ARGB) pitch 5120[2024-02-27 10:29:09.004]
[   12.590833] VPU_GetVersionInfo(): 18060615[2024-02-27 10:29:09.004] [tdi] HI_LOADER_ReadTdiPara[   12.595311] [2024-02-27 10:29:09.004]
[   12.595311] [VpuApi] Std: avc Ver: 0x1321[2024-02-27 10:29:09.004] [2024-02-27 10:29:09.004] LogoAsync_thread exit 0[2024-02-27 10:29:09.116] [Player]: switch totle cost 286 ms[2024-02-27 10:29:10.602]
[   14.210346] [gx1121d]Set 22k:0 [2024-02-27 10:29:10.624]
[   14.216213] [gx1121d]set polar:0 [R][2024-02-27 10:29:10.625]
[   14.220820] [gx1121d]fre:11980MHz sym:28800KSymbol/S pol:R 22K=0[2024-02-27 10:29:10.688]
[   14.290782] [rda5815m_init:114] tuner init ok![2024-02-27 10:29:10.992]
[   14.592153] [gx1121d]fre:11980MHz LOCKED[2024-02-27 10:29:12.015] udhcpc: sending discover[2024-02-27 10:29:12.671] [tdi] HI_LOADER_ReadTdiPara[2024-02-27 10:29:14.141]
[   17.747970] [gx1121d]Set 22k:0 [2024-02-27 10:29:14.141]
[   17.754257] [gx1121d]set polar:0 [R][2024-02-27 10:29:14.163]
[   17.758696] [gx1121d]fre:12100MHz sym:28800KSymbol/S pol:R 22K=0[2024-02-27 10:29:14.227]
[   17.831198] [rda5815m_init:114] tuner init ok![2024-02-27 10:29:14.531]
[   18.132184] [gx1121d]fre:12100MHz LOCKED[2024-02-27 10:29:15.122] /usr/share/udhcpc/default.script: exec: line 7: /usr/share/udhcpc/default.leasefail: not found[2024-02-27 10:29:20.876] ====0xb4b007e0: Stop GxPlayer_Close And Open(LOGO) ====[2024-02-27 10:29:20.924]
[   24.534391] [2024-02-27 10:29:20.924]
[   24.534391] freeze[2024-02-27 10:29:23.482]
[   27.084576] random: nonblocking pool is initialized[2024-02-27 10:29:26.248]
[   29.858783] [gx1121d]Set 22k:0 [2024-02-27 10:29:26.272]
[   29.864446] [gx1121d]set polar:0 [R][2024-02-27 10:29:26.272]
[   29.868842] [gx1121d]fre:12060MHz sym:28800KSymbol/S pol:R 22K=0[2024-02-27 10:29:26.335]
[   29.947322] [rda5815m_init:114] tuner init ok![2024-02-27 10:29:26.655]
[   30.262233] [gx1121d]fre:12060MHz LOCKED[2024-02-27 10:29:35.128] udhcpc: sending discover[2024-02-27 10:29:35.639] [tdi] HI_LOADER_ReadTdiPara[2024-02-27 10:29:37.196] The system is going down NOW![2024-02-27 10:29:37.196] Sent SIGTERM to all processes[2024-02-27 10:29:37.196] (!) [SigHandler        40.758341] ( 1322) Direct/Signals:                --> Caught signal 15 (sent by pid 1 uid 0) <--[2024-02-27 10:29:37.196] (!) [SigHandler        40.758571] ( 1322) Direct/Signals:                --> -1[2024-02-27 10:29:37.197] udhcpc: received SIGTERM[2024-02-27 10:29:37.197] (*) SaWMan/Watcher: Process [0x224b4f00 pid:1310 fusion_id:2 flags:] has exited ABNORMALLY![2024-02-27 10:29:37.239] (*) SaWMan/Watcher: Process [0x224b4e00 pid:1352 fusion_id:3 flags:] has exited ABNORMALLY![2024-02-27 10:29:37.239] (*) SaWMan/Watcher: Process [0x224b4d00 pid:1367 fusion_id:4 flags:] has exited ABNORMALLY![2024-02-27 10:29:38.171] Sent SIGKILL to all processes[2024-02-27 10:29:38.171] Requesting system reboot[2024-02-27 10:29:39.208]
[   42.800495] reboot: Restarting system[2024-02-27 10:29:39.208]
[   42.804240] watchdog to restart![2024-02-27 10:29:39.208] X[    0.000000] Booting Linux on physical CPU 0x0[2024-02-27 10:29:43.047]
[    0.000000] Initializing cgroup subsys cpuset[2024-02-27 10:29:43.047]
[    0.000000] Linux version 4.4.y (wuwj@wuwj-T490s) (gcc version 4.9.4 (Linaro GCC 4.9-2017.01) ) #1 SMP Mon Feb 26 08:47:00 CST 2024[2024-02-27 10:29:43.047]
[    0.000000] CPU: ARMv7 Processor [410fc075] revision 5 (ARMv7) cr=10c5387d[2024-02-27 10:29:43.047]
[    0.000000] CPU: PIPT / VIPT nonaliasing data cache VIPT aliasing instruction cache[2024-02-27 10:29:43.048]
[    0.000000] Machine model: nationalchip sirius generic SoC[2024-02-27 10:29:43.048]
[    0.000000] Memory policy: Data cache writealloc[2024-02-27 10:29:43.090]
[    0.000000] On node 0 totalpages: 102400[2024-02-27 10:29:43.090]
[    0.000000] free_area_init_node: node 0 pgdat c0876b40 node_mem_map d8cdb000[2024-02-27 10:29:43.090]
[    0.000000]   Normal zone: 800 pages used for memmap[2024-02-27 10:29:43.090]
[    0.000000]   Normal zone: 0 pages reserved[2024-02-27 10:29:43.091]
[    0.000000]   Normal zone: 102400 pages LIFO batch:31[2024-02-27 10:29:43.091]
[    0.000000] PERCPU: Embedded 13 pages/cpu @d8cb7000 s21760 r8192 d23296 u53248[2024-02-27 10:29:43.091]
[    0.000000] pcpu-alloc: s21760 r8192 d23296 u53248 alloc=13*4096[2024-02-27 10:29:43.091]
[    0.000000] pcpu-alloc: [0] 0 [0] 1 [2024-02-27 10:29:43.133]
[    0.000000] Built 1 zonelists in Zone order mobility grouping on.  Total pages: 101600[2024-02-27 10:29:43.133]
[    0.000000] Kernel command line: mem=400M@0x00000000 videomem=46M@0x19000000 svpumem=2M@0x1be00000 fbmem=32M@0x1c000000 teemem=32M@0x1e000000 mem_end console=ttyS0115200 init=/init rw loglevel=8 app_quiet=0 tee_loglevel=0 ta_quiet=1 ubi.mtd=8 root=ubi0_0 rootfstype=ubifs mtdparts=gx320x:4m@0m(BOOT)512k@4m(TABLE)512k@4608k(TDI)512k@5m(SDD)512k@5632k(HEAD)4m@6m(TEE)8m@10m(KERNEL)10m@18m(HASH)132m@28m(ROOT)96m@160m(DATA) mtdparts_end [2024-02-27 10:29:43.176]
[    0.000000] PID hash table entries: 2048 (order: 1 8192 bytes)[2024-02-27 10:29:43.176]
[    0.000000] Dentry cache hash table entries: 65536 (order: 6 262144 bytes)[2024-02-27 10:29:43.177]
[    0.000000] Inode-cache hash table entries: 32768 (order: 5 131072 bytes)[2024-02-27 10:29:43.177]
[    0.000000] Memory: 396904K/409600K available (6105K kernel code 459K rwdata 1696K rodata 404K init 242K bss 12696K reserved 0K cma-reserved)[2024-02-27 10:29:43.177]
[    0.000000] Virtual kernel memory layout:[2024-02-27 10:29:43.177]
[    0.000000]     vector  : 0xffff0000 - 0xffff1000   (   4 kB)[2024-02-27 10:29:43.219]
[    0.000000]     fixmap  : 0xffc00000 - 0xfff00000   (3072 kB)[2024-02-27 10:29:43.219]
[    0.000000]     vmalloc : 0xd9800000 - 0xff800000   ( 608 MB)[2024-02-27 10:29:43.220]
[    0.000000]     lowmem  : 0xc0000000 - 0xd9000000   ( 400 MB)[2024-02-27 10:29:43.220]
[    0.000000]     modules : 0xbf000000 - 0xc0000000   (  16 MB)[2024-02-27 10:29:43.220]
[    0.000000]       .text : 0xc0008000 - 0xc07a6a30   (7803 kB)[2024-02-27 10:29:43.220]
[    0.000000]       .init : 0xc07a7000 - 0xc080c000   ( 404 kB)[2024-02-27 10:29:43.220]
[    0.000000]       .data : 0xc080c000 - 0xc087ee48   ( 460 kB)[2024-02-27 10:29:43.262]
[    0.000000]        .bss : 0xc0881000 - 0xc08bd968   ( 243 kB)[2024-02-27 10:29:43.262]
[    0.000000] SLUB: HWalign=64 Order=0-3 MinObjects=0 CPUs=2 Nodes=1[2024-02-27 10:29:43.263]
[    0.000000] Hierarchical RCU implementation.[2024-02-27 10:29:43.263]
[    0.000000] 	Build-time adjustment of leaf fanout to 32.[2024-02-27 10:29:43.263]
[    0.000000] NR_IRQS:16 nr_irqs:16 16[2024-02-27 10:29:43.263]
[    0.000000] Architected cp15 timer(s) running at 27.00MHz (phys).[2024-02-27 10:29:43.263]
[    0.000000] clocksource: arch_sys_counter: mask: 0xffffffffffffff max_cycles: 0x63a1e71a3 max_idle_ns: 440795203123 ns[2024-02-27 10:29:43.306]
[    0.000008] sched_clock: 56 bits at 27MHz resolution 37ns wraps every 4398046511093ns[2024-02-27 10:29:43.306]
[    0.000023] Switching to timer-based delay loop resolution 37ns[2024-02-27 10:29:43.306]
[    0.000280] Console: colour dummy device 80x30[2024-02-27 10:29:43.306]
[    0.000310] Calibrating delay loop (skipped) value calculated using timer frequency.. 54.00 BogoMIPS (lpj=270000)[2024-02-27 10:29:43.306]
[    0.000329] pid_max: default: 32768 minimum: 301[2024-02-27 10:29:43.307]
[    0.000455] Mount-cache hash table entries: 1024 (order: 0 4096 bytes)[2024-02-27 10:29:43.307]
[    0.000470] Mountpoint-cache hash table entries: 1024 (order: 0 4096 bytes)[2024-02-27 10:29:43.349]
[    0.001248] CPU: Testing write buffer coherency: ok[2024-02-27 10:29:43.349]
[    0.001610] CPU0: update cpu_capacity 1024[2024-02-27 10:29:43.349]
[    0.001629] CPU0: thread -1 cpu 0 socket 0 mpidr 80000000[2024-02-27 10:29:43.349]
[    0.001728] Setting up static identity map for 0x8280 - 0x82d8[2024-02-27 10:29:43.350]
[    0.004334] CPU1: update cpu_capacity 1024[2024-02-27 10:29:43.350]
[    0.004345] CPU1: thread -1 cpu 1 socket 0 mpidr 80000001[2024-02-27 10:29:43.350]
[    0.004481] Brought up 2 CPUs[2024-02-27 10:29:43.350]
[    0.004510] SMP: Total of 2 processors activated (108.00 BogoMIPS).[2024-02-27 10:29:43.392]
[    0.004519] CPU: All CPU(s) started in SVC mode.[2024-02-27 10:29:43.392]
[    0.005443] devtmpfs: initialized[2024-02-27 10:29:43.392]
[    0.009148] VFP support v0.3: implementor 41 architecture 2 part 30 variant 7 rev 5[2024-02-27 10:29:43.392]
[    0.009532] clocksource: jiffies: mask: 0xffffffff max_cycles: 0xffffffff max_idle_ns: 19112604462750000 ns[2024-02-27 10:29:43.393]
[    0.011082] NET: Registered protocol family 16[2024-02-27 10:29:43.393]
[    0.012385] DMA: preallocated 1024 KiB pool for atomic coherent allocations[2024-02-27 10:29:43.393]
[    0.020058] hw-breakpoint: found 5 (+1 reserved) breakpoint and 4 watchpoint registers.[2024-02-27 10:29:43.435]
[    0.020081] hw-breakpoint: maximum watchpoint size is 8 bytes.[2024-02-27 10:29:43.436]
[    0.020195] gxchip_init: 6612.[2024-02-27 10:29:43.436]
[    0.037251] SCSI subsystem initialized[2024-02-27 10:29:43.436]
[    0.037774] usbcore: registered new interface driver usbfs[2024-02-27 10:29:43.436]
[    0.037881] usbcore: registered new interface driver hub[2024-02-27 10:29:43.436]
[    0.037984] usbcore: registered new device driver usb[2024-02-27 10:29:43.436]
[    0.038186] pps_core: LinuxPPS API ver. 1 registered[2024-02-27 10:29:43.437]
[    0.038199] pps_core: Software ver. 5.3.6 - Copyright 2005-2007 Rodolfo Giometti <giometti@linux.it>[2024-02-27 10:29:43.479]
[    0.040714] clocksource: Switched to clocksource arch_sys_counter[2024-02-27 10:29:43.479]
[    0.098797] NET: Registered protocol family 2[2024-02-27 10:29:43.479]
[    0.099658] TCP established hash table entries: 4096 (order: 2 16384 bytes)[2024-02-27 10:29:43.479]
[    0.099738] TCP bind hash table entries: 4096 (order: 3 32768 bytes)[2024-02-27 10:29:43.479]
[    0.099830] TCP: Hash tables configured (established 4096 bind 4096)[2024-02-27 10:29:43.479]
[    0.099914] UDP hash table entries: 256 (order: 1 8192 bytes)[2024-02-27 10:29:43.480]
[    0.099954] UDP-Lite hash table entries: 256 (order: 1 8192 bytes)[2024-02-27 10:29:43.522]
[    0.100186] NET: Registered protocol family 1[2024-02-27 10:29:43.522]
[    0.100824] RPC: Registered named UNIX socket transport module.[2024-02-27 10:29:43.522]
[    0.100844] RPC: Registered udp transport module.[2024-02-27 10:29:43.522]
[    0.100853] RPC: Registered tcp transport module.[2024-02-27 10:29:43.522]
[    0.100861] RPC: Registered tcp NFSv4.1 backchannel transport module.[2024-02-27 10:29:43.523]
[    0.102915] futex hash table entries: 512 (order: 3 32768 bytes)[2024-02-27 10:29:43.523]
[    0.117902] squashfs: version 4.0 (2009/01/31) Phillip Lougher[2024-02-27 10:29:43.523]
[    0.119250] ntfs: driver 2.1.32 [Flags: R/W].[2024-02-27 10:29:43.570]
[    0.119784] fuse init (API version 7.23)[2024-02-27 10:29:43.570]
[    0.120922] yaffs: yaffs Installing.[2024-02-27 10:29:43.570]
[    0.125830] io scheduler noop registered (default)[2024-02-27 10:29:43.571]
[    0.133850] Serial: 8250/16550 driver 2 ports IRQ sharing disabled[2024-02-27 10:29:43.571]
[    0.135632] console [ttyS0] disabled[2024-02-27 10:29:43.571]
[    0.135694] 82804000.serial0: ttyS0 at MMIO 0x82804000 (irq = 38 base_baud = 1875000) is a 16550A[2024-02-27 10:29:43.571]
[    0.686456] console [ttyS0] enabled[2024-02-27 10:29:43.586]
[    0.706110] brd: module loaded[2024-02-27 10:29:43.586]
[    0.718063] loop: module loaded[2024-02-27 10:29:43.635]
[    0.721366] Nationalchip mem_info Driver[2024-02-27 10:29:43.636]
[    0.726797] input: goxceed remote control as /devices/virtual/input/input0[2024-02-27 10:29:43.636]
[    0.736673] nand: mapped registers at d99ba000[2024-02-27 10:29:43.636]
[    0.741229] NAND: initialising set 0 (d8bb8000 info d88f0b80)[2024-02-27 10:29:43.636]
[    0.748233] nand: device found Manufacturer ID: 0xf8 Chip ID: 0xda[2024-02-27 10:29:43.636]
[    0.754619] nand: onfi Unknown FMND2G08U3D[2024-02-27 10:29:43.637]
[    0.758814] nand: 256 MiB SLC erase size: 128 KiB page size: 2048 OOB size: 64[2024-02-27 10:29:43.637]
[    0.766426] Scanning device for bad blocks[2024-02-27 10:29:43.758]
[    0.833997] 10 cmdlinepart partitions found on MTD device gx320x[2024-02-27 10:29:43.759]
[    0.840011] Creating 10 MTD partitions on "gx320x":[2024-02-27 10:29:43.759]
[    0.844923] 0x000000000000-0x000000400000 : "BOOT"[2024-02-27 10:29:43.759]
[    0.852147] 0x000000400000-0x000000480000 : "TABLE"[2024-02-27 10:29:43.759]
[    0.859205] 0x000000480000-0x000000500000 : "TDI"[2024-02-27 10:29:43.759]
[    0.866353] 0x000000500000-0x000000580000 : "SDD"[2024-02-27 10:29:43.759]
[    0.873452] 0x000000580000-0x000000600000 : "HEAD"[2024-02-27 10:29:43.760]
[    0.880389] 0x000000600000-0x000000a00000 : "TEE"[2024-02-27 10:29:43.760]
[    0.887452] 0x000000a00000-0x000001200000 : "KERNEL"[2024-02-27 10:29:43.813]
[    0.894725] 0x000001200000-0x000001c00000 : "HASH"[2024-02-27 10:29:43.814]
[    0.901975] 0x000001c00000-0x00000a000000 : "ROOT"[2024-02-27 10:29:43.814]
[    0.909383] 0x00000a000000-0x000010000000 : "DATA"[2024-02-27 10:29:43.814]
[    0.917647] nc-spi 82400000.gx_spi: master is unqueued this is deprecated[2024-02-27 10:29:43.814]
[    0.925013] Warning: unknow flash id = 0x0000.[2024-02-27 10:29:43.814]
[    0.929719] usbcore: registered new interface driver mt7601u[2024-02-27 10:29:43.814]
[    0.935519] usbcore: registered new interface driver asix[2024-02-27 10:29:43.815]
[    0.941049] usbcore: registered new interface driver ax88179_178a[2024-02-27 10:29:43.858]
[    0.947225] usbcore: registered new interface driver cdc_ether[2024-02-27 10:29:43.858]
[    0.953165] usbcore: registered new interface driver cdc_eem[2024-02-27 10:29:43.858]
[    0.958909] usbcore: registered new interface driver dm9601[2024-02-27 10:29:43.858]
[    0.964585] usbcore: registered new interface driver sr9700[2024-02-27 10:29:43.858]
[    0.970261] usbcore: registered new interface driver CoreChips[2024-02-27 10:29:43.858]
[    0.976221] usbcore: registered new interface driver smsc75xx[2024-02-27 10:29:43.859]
[    0.982103] usbcore: registered new interface driver smsc95xx[2024-02-27 10:29:43.859]
[    0.987936] usbcore: registered new interface driver gl620a[2024-02-27 10:29:43.902]
[    0.993617] usbcore: registered new interface driver net1080[2024-02-27 10:29:43.902]
[    0.999360] usbcore: registered new interface driver plusb[2024-02-27 10:29:43.902]
[    1.004969] usbcore: registered new interface driver rndis_host[2024-02-27 10:29:43.902]
[    1.011000] usbcore: registered new interface driver cdc_subset[2024-02-27 10:29:43.902]
[    1.016999] usbcore: registered new interface driver zaurus[2024-02-27 10:29:43.902]
[    1.022679] usbcore: registered new interface driver MOSCHIP usb-ethernet driver[2024-02-27 10:29:43.903]
[    1.030212] usbcore: registered new interface driver kalmia[2024-02-27 10:29:43.945]
[    1.035902] usbcore: registered new interface driver cx82310_eth[2024-02-27 10:29:43.946]
[    1.042043] usbcore: registered new interface driver cdc_ncm[2024-02-27 10:29:43.946]
[    1.047785] usbcore: registered new interface driver huawei_cdc_ncm[2024-02-27 10:29:43.946]
[    1.054161] usbcore: registered new interface driver qmi_wwan[2024-02-27 10:29:43.946]
[    1.060004] usbcore: registered new interface driver cdc_mbim[2024-02-27 10:29:43.946]
[    1.065931] synopGMAC_attach PhyBase: 1.[2024-02-27 10:29:43.946]
[    1.069863] synopGMAC=: napi tx_desc rx_desc mac_irq mac_addr rmii_flag mac_fb phy_addr.[2024-02-27 10:29:43.947]
[    1.077979] netif_napi_add() called with weight 193 on device eth%d[2024-02-27 10:29:44.001]
[    1.084263] napi: 1.[2024-02-27 10:29:44.001]
[    1.087708] ehci_hcd: USB 2.0 'Enhanced' Host Controller (EHCI) Driver[2024-02-27 10:29:44.001]
[    1.094289] ehci-platform: EHCI generic platform driver[2024-02-27 10:29:44.001]
[    1.099716] ehci-platform 88204000.ehci-hcd: EHCI Host Controller[2024-02-27 10:29:44.002]
[    1.105874] ehci-platform 88204000.ehci-hcd: new USB bus registered assigned bus number 1[2024-02-27 10:29:44.002]
[    1.114342] ehci-platform 88204000.ehci-hcd: irq 34 io mem 0x88204000[2024-02-27 10:29:44.054]
[    1.140728] ehci-platform 88204000.ehci-hcd: USB 2.0 started EHCI 1.00[2024-02-27 10:29:44.054]
[    1.148537] hub 1-0:1.0: USB hub found[2024-02-27 10:29:44.054]
[    1.152408] hub 1-0:1.0: 2 ports detected[2024-02-27 10:29:44.054]
[    1.157237] ohci_hcd: USB 1.1 'Open' Host Controller (OHCI) Driver[2024-02-27 10:29:44.054]
[    1.163504] ohci-platform: OHCI generic platform driver[2024-02-27 10:29:44.055]
[    1.168955] ohci-platform 88200000.ohci-hcd0: Generic Platform OHCI controller[2024-02-27 10:29:44.055]
[    1.176255] ohci-platform 88200000.ohci-hcd0: new USB bus registered assigned bus number 2[2024-02-27 10:29:44.055]
[    1.184782] ohci-platform 88200000.ohci-hcd0: irq 35 io mem 0x88200000[2024-02-27 10:29:44.167]
[    1.256001] hub 2-0:1.0: USB hub found[2024-02-27 10:29:44.167]
[    1.259832] hub 2-0:1.0: 1 port detected[2024-02-27 10:29:44.167]
[    1.264429] ohci-platform 88201000.ohci-hcd1: Generic Platform OHCI controller[2024-02-27 10:29:44.167]
[    1.271741] ohci-platform 88201000.ohci-hcd1: new USB bus registered assigned bus number 3[2024-02-27 10:29:44.167]
[    1.280273] ohci-platform 88201000.ohci-hcd1: irq 36 io mem 0x88201000[2024-02-27 10:29:44.215]
[    1.345858] hub 3-0:1.0: USB hub found[2024-02-27 10:29:44.260]
[    1.349681] hub 3-0:1.0: 1 port detected[2024-02-27 10:29:44.260]
[    1.354649] usbcore: registered new interface driver cdc_wdm[2024-02-27 10:29:44.260]
[    1.360421] usbcore: registered new interface driver uas[2024-02-27 10:29:44.260]
[    1.366038] usbcore: registered new interface driver usb-storage[2024-02-27 10:29:44.261]
[    1.372312] usbcore: registered new interface driver usbserial[2024-02-27 10:29:44.261]
[    1.378233] usbcore: registered new interface driver usbserial_generic[2024-02-27 10:29:44.261]
[    1.384874] usbserial: USB Serial support registered for generic[2024-02-27 10:29:44.261]
[    1.391019] usbcore: registered new interface driver ch341[2024-02-27 10:29:44.306]
[    1.396578] usbserial: USB Serial support registered for ch341-uart[2024-02-27 10:29:44.306]
[    1.402981] usbcore: registered new interface driver ftdi_sio[2024-02-27 10:29:44.306]
[    1.408798] usbserial: USB Serial support registered for FTDI USB Serial Device[2024-02-27 10:29:44.306]
[    1.416431] usbcore: registered new interface driver pl2303[2024-02-27 10:29:44.307]
[    1.422134] usbserial: USB Serial support registered for pl2303[2024-02-27 10:29:44.307]
[    1.429142] mousedev: PS/2 mouse device common for all mice[2024-02-27 10:29:44.307]
[    1.435491] i2c /dev entries driver[2024-02-27 10:29:44.357]
[    1.441313] nc watchdog init success.[2024-02-27 10:29:44.357]
[    1.445463] logger: created 256K log 'log_main'[2024-02-27 10:29:44.357]
[    1.450276] logger: created 256K log 'log_events'[2024-02-27 10:29:44.358]
[    1.455537] logger: created 256K log 'log_radio'[2024-02-27 10:29:44.358]
[    1.460445] logger: created 256K log 'log_system'[2024-02-27 10:29:44.358]
[    1.466276] optee firmware:optee: probing for conduit method from DT.[2024-02-27 10:29:44.358]
[    1.473444] optee firmware:optee: initialized driver[2024-02-27 10:29:44.358]
[    1.478780] oprofile: no performance counters[2024-02-27 10:29:44.358]
[    1.483380] oprofile: using timer interrupt.[2024-02-27 10:29:44.358]
[    1.489433] NET: Registered protocol family 10[2024-02-27 10:29:44.403]
[    1.494569] usb 1-2: new high-speed USB device number 2 using ehci-platform[2024-02-27 10:29:44.403]
[    1.502208] sit: IPv6 over IPv4 tunneling driver[2024-02-27 10:29:44.403]
[    1.507843] NET: Registered protocol family 17[2024-02-27 10:29:44.403]
[    1.513042] ThumbEE CPU extension supported.[2024-02-27 10:29:44.403]
[    1.517346] Registering SWP/SWPB emulation handler[2024-02-27 10:29:44.403]
[    1.525155] ubi0: attaching mtd8[2024-02-27 10:29:44.632]
[    1.714246] ubi0: scanning is finished[2024-02-27 10:29:44.632]
[    1.725177] ubi0: attached mtd8 (name "ROOT" size 132 MiB)[2024-02-27 10:29:44.632]
[    1.730812] ubi0: PEB size: 131072 bytes (128 KiB) LEB size: 129024 bytes[2024-02-27 10:29:44.633]
[    1.737694] ubi0: min./max. I/O unit sizes: 2048/2048 sub-page size 512[2024-02-27 10:29:44.633]
[    1.744426] ubi0: VID header offset: 512 (aligned 512) data offset: 2048[2024-02-27 10:29:44.633]
[    1.751233] ubi0: good PEBs: 1056 bad PEBs: 0 corrupted PEBs: 0[2024-02-27 10:29:44.633]
[    1.757332] ubi0: user volume: 1 internal volumes: 1 max. volumes count: 128[2024-02-27 10:29:44.633]
[    1.764573] ubi0: max/mean erase counter: 69/6 WL threshold: 4096 image sequence number: 1381805399[2024-02-27 10:29:44.690]
[    1.773816] ubi0: available PEBs: 0 total reserved PEBs: 1056 PEBs reserved for bad PEB handling: 40[2024-02-27 10:29:44.691]
[    1.783156] ubi0: background thread "ubi_bgt0d" started PID 788[2024-02-27 10:29:44.691]
[    1.783728] VCC3P3: disabling[2024-02-27 10:29:44.691]
[    1.792459] ttyS0 - failed to request DMA[2024-02-27 10:29:44.691]
[    1.800839] UBIFS (ubi0:0): background thread "ubifs_bgt0_0" started PID 790[2024-02-27 10:29:44.691]
[    1.808681] UBIFS (ubi0:0): recovery needed[2024-02-27 10:29:44.771]
[    1.860915] UBIFS (ubi0:0): recovery completed[2024-02-27 10:29:44.772]
[    1.865491] UBIFS (ubi0:0): UBIFS: mounted UBI device 0 volume 0 name "rootfs"[2024-02-27 10:29:44.772]
[    1.872919] UBIFS (ubi0:0): LEB size: 129024 bytes (126 KiB) min./max. I/O unit sizes: 2048 bytes/2048 bytes[2024-02-27 10:29:44.772]
[    1.882857] UBIFS (ubi0:0): FS size: 126572544 bytes (120 MiB 981 LEBs) journal size 9033728 bytes (8 MiB 71 LEBs)[2024-02-27 10:29:44.772]
[    1.893482] UBIFS (ubi0:0): reserved for root: 0 bytes (0 KiB)[2024-02-27 10:29:44.773]
[    1.899328] UBIFS (ubi0:0): media format: w4/r0 (latest is w4/r0) UUID BD5A39E3-FA56-4B93-AA50-031EA474EB2B small LPT model[2024-02-27 10:29:44.811]
[    1.911348] VFS: Mounted root (ubifs filesystem) on device 0:14.[2024-02-27 10:29:44.811]
[    1.918000] devtmpfs: mounted[2024-02-27 10:29:44.811]
[    1.921574] Freeing unused kernel memory: 404K (c07a7000 - c080c000)[2024-02-27 10:29:44.923] udevd --daemon[2024-02-27 10:29:45.003] udevadm trigger[2024-02-27 10:29:45.147] sysctl -p -e -q[2024-02-27 10:29:45.323] Install gxavdev driver...[2024-02-27 10:29:45.414]
[    2.487540] [COMMON]-[info]: probe : gx-klm[2024-02-27 10:29:45.414]
[    2.491875] [COMMON]-[info]: irq(-22)[2024-02-27 10:29:45.414]
[    2.497839] [COMMON]-[info]: probe : gx-m2m[2024-02-27 10:29:45.415]
[    2.502132] [COMMON]-[info]: irq(-22)[2024-02-27 10:29:45.415]
[    2.511799] [COMMON]-[info]: probe : gx-misc[2024-02-27 10:29:45.415]
[    2.516120] [COMMON]-[info]: irq(-22)[2024-02-27 10:29:45.415]
[    2.523336] [COMMON]-[info]: probe : gx-crypto[2024-02-27 10:29:45.415]
[    2.527813] [COMMON]-[info]: irq(-22)[2024-02-27 10:29:45.415]
[    2.532453] [COMMON]-[info]: probe : gx-secure[2024-02-27 10:29:45.415]
[    2.536944] [COMMON]-[info]: irq(-22)[2024-02-27 10:29:45.415]
[    2.543699] [FW]-[info]: gx firewall init success![2024-02-27 10:29:45.732]
[    2.836048] [2024-02-27 10:29:45.732]
[    2.836048] [Build-info]: Feb 26 2024 08:48:34[2024-02-27 10:29:45.732]
[    2.842749] gxav_module_init: ok! [2024-02-27 10:29:45.732] Install frontend driver...[2024-02-27 10:29:45.839] config intranet eth0[2024-02-27 10:29:45.839]
[    2.952792] synopGMAC_attach PhyBase: 1.[2024-02-27 10:29:45.874] ifconfig: SIOCSIFHWADDR: Cannot assign requested address[2024-02-27 10:29:45.874] config loopback[2024-02-27 10:29:45.874] internet eth0:1[2024-02-27 10:29:45.874] Install panel driver...[2024-02-27 10:29:45.874] Install hi_ir driver...[2024-02-27 10:29:45.874] Install FB driver...[2024-02-27 10:29:45.905]
[    3.007384] init gxfb[2024-02-27 10:29:45.905]
[    3.010065] gxfb probe[2024-02-27 10:29:45.905]
[    3.015906] [audio]: dobly - bypass[2024-02-27 10:29:45.905]
[    3.019415] [audio]: MPEG - 1.3.0.3 - 2019.12.23[2024-02-27 10:29:45.953]
[    3.074106] Audio D Chip Not[2024-02-27 10:29:46.002]
[    3.090543] gxav_device_open: ok! [2024-02-27 10:29:46.002]
[    3.094091] request_irq :1 -> 32[2024-02-27 10:29:46.002]
[    3.097373] request_irq :2 -> 31[2024-02-27 10:29:46.002]
[    3.100650] request_irq :4 -> 29[2024-02-27 10:29:46.002]
[    3.103966] request_irq :5 -> 28[2024-02-27 10:29:46.002]
[    3.107248] request_irq :6 -> 27[2024-02-27 10:29:46.002]
[    3.110523] request_irq :7 -> 26[2024-02-27 10:29:46.003]
[    3.113829] request_irq :8 -> 25[2024-02-27 10:29:46.003]
[    3.117106] request_irq :9 -> 24[2024-02-27 10:29:46.003]
[    3.120382] request_irq :10 -> 23[2024-02-27 10:29:46.003]
[    3.123764] request_irq :11 -> 22[2024-02-27 10:29:46.003]
[    3.127130] request_irq :12 -> 21[2024-02-27 10:29:46.003]
[    3.130493] request_irq :14 -> 20[2024-02-27 10:29:46.003]
[    3.133873] request_irq :15 -> 19[2024-02-27 10:29:46.023]
[    3.137236] request_irq :21 -> 18[2024-02-27 10:29:46.111]
[    3.222652] [GXFB_ANOUCE] gxfb_probe():950: framebuffer start ok[2024-02-27 10:29:46.111] Install Fusion Driver...[2024-02-27 10:29:46.144]
[    3.250370] Starting fusion driver v9.0.2[2024-02-27 10:29:46.144]
[    3.254490]   -> initializing shared area at d7fd4000[2024-02-27 10:29:46.144]
[    3.259571] fusion: unable to register major 250. Registered 249 instead[2024-02-27 10:29:46.224] start adbd...[2024-02-27 10:29:46.224] #tart telnetd...[2024-02-27 10:29:46.240] start tee-supplicant...[2024-02-27 10:29:46.281] DATA: mtd9 9 /dev/mtd9 /dev/mtdblock9[2024-02-27 10:29:46.281] Check Device For ubi_ctrl and /dev/mtd9[2024-02-27 10:29:46.281] StopTime: 00:00:03 i: 0[2024-02-27 10:29:46.281] flash_lock: MEMLOCK: Operation not supported[2024-02-27 10:29:46.302] ubiattach /dev/ubi_ctrl -m 9 -d 9[2024-02-27 10:29:46.334]
[    3.461208] ubi9: attaching mtd9[2024-02-27 10:29:46.477]
[    3.605392] ubi9: scanning is finished[2024-02-27 10:29:46.530]
[    3.619781] ubi9: attached mtd9 (name "DATA" size 96 MiB)[2024-02-27 10:29:46.530]
[    3.625369] ubi9: PEB size: 131072 bytes (128 KiB) LEB size: 129024 bytes[2024-02-27 10:29:46.531]
[    3.632268] ubi9: min./max. I/O unit sizes: 2048/2048 sub-page size 512[2024-02-27 10:29:46.531]
[    3.638975] ubi9: VID header offset: 512 (aligned 512) data offset: 2048[2024-02-27 10:29:46.531]
[    3.645780] ubi9: good PEBs: 768 bad PEBs: 0 corrupted PEBs: 0[2024-02-27 10:29:46.531]
[    3.651795] ubi9: user volume: 1 internal volumes: 1 max. volumes count: 128[2024-02-27 10:29:46.532]
[    3.659025] ubi9: max/mean erase counter: 24/13 WL threshold: 4096 image sequence number: 175400993[2024-02-27 10:29:46.568]
[    3.668261] ubi9: available PEBs: 0 total reserved PEBs: 768 PEBs reserved for bad PEB handling: 40[2024-02-27 10:29:46.569]
[    3.677543] ubi9: background thread "ubi_bgt9d" started PID 1260[2024-02-27 10:29:46.569] mount -t ubifs ubi9_0 /data[2024-02-27 10:29:46.596]
[    3.701665] UBIFS (ubi9:0): background thread "ubifs_bgt9_0" started PID 1263[2024-02-27 10:29:46.596]
[    3.709581] UBIFS (ubi9:0): recovery needed[2024-02-27 10:29:46.665]
[    3.754445] UBIFS (ubi9:0): recovery completed[2024-02-27 10:29:46.665]
[    3.759019] UBIFS (ubi9:0): UBIFS: mounted UBI device 9 volume 0 name "data"[2024-02-27 10:29:46.666]
[    3.766290] UBIFS (ubi9:0): LEB size: 129024 bytes (126 KiB) min./max. I/O unit sizes: 2048 bytes/2048 bytes[2024-02-27 10:29:46.666]
[    3.776231] UBIFS (ubi9:0): FS size: 89413632 bytes (85 MiB 693 LEBs) journal size 9033728 bytes (8 MiB 71 LEBs)[2024-02-27 10:29:46.666]
[    3.786682] UBIFS (ubi9:0): reserved for root: 0 bytes (0 KiB)[2024-02-27 10:29:46.666]
[    3.792538] UBIFS (ubi9:0): media format: w4/r0 (latest is w4/r0) UUID C96A093B-38A7-4787-9EDE-CBACA3BADF22 small LPT model[2024-02-27 10:29:46.686] mount ubifs success![2024-02-27 10:29:46.686] install RTL8188FU...[2024-02-27 10:29:47.029]
[    4.140972] usbcore: registered new interface driver rtl8188fu[2024-02-27 10:29:47.045] wpa_supplicant.conf exit[2024-02-27 10:29:47.077] Successfully initialized wpa_supplicant[2024-02-27 10:29:47.853]
[    4.965074] IPv6: ADDRCONF(NETDEV_UP): wlan0: link is not ready[2024-02-27 10:29:47.915] start service&app...[2024-02-27 10:29:47.915] /[2024-02-27 10:29:47.915] [2024-02-27 10:29:47.915] Please press Enter to activate this console. WDT: Turn on Watch Dog[2024-02-27 10:29:47.915] WDT: Set timeout 10000 msecs success[2024-02-27 10:29:47.915] reserved is default [2024-02-27 10:29:47.916] APP Start ... [2024-02-27 10:29:47.916] InitializeContext success[2024-02-27 10:29:48.038] OpenSession success[2024-02-27 10:29:48.038] [2024-02-27 10:29:48.038] AllocateSharedMemory success buffer[0xb6f6a000][2024-02-27 10:29:48.038] InvokeCommand success[2024-02-27 10:29:48.038] After InvokeCommand:[2024-02-27 10:29:48.038] chip id: 0x07001fff0000020a[2024-02-27 10:29:48.038] APP End ... [2024-02-27 10:29:48.038] [2024-02-27 10:29:48.901] commandline read: serviceWM[2024-02-27 10:29:48.933] (*) Direct/Thread: Started 'SigHandler' (1311) [CRITICAL - OTHER/0] <8388608>...[2024-02-27 10:29:48.976] [2024-02-27 10:29:48.976]    ~~~~~~~~~~~~~~~~~~~~~~~~~| DirectFB 1.7.7 |~~~~~~~~~~~~~~~~~~~~~~~~~~[2024-02-27 10:29:48.976]         (c) 2012-2015  DirectFB integrated media GmbH[2024-02-27 10:29:48.977]         (c) 2001-2015  The world wide DirectFB Open Source Community[2024-02-27 10:29:48.977]         (c) 2000-2004  Convergence (integrated media) GmbH[2024-02-27 10:29:48.977]       ----------------------------------------------------------------[2024-02-27 10:29:48.977] [2024-02-27 10:29:48.977] (*) DirectFB/Core: Multi Application Core. (2024-02-26 00:52) [2024-02-27 10:29:48.977] (*) Direct/Memcpy: Forced to use armasm_memcpy()[2024-02-27 10:29:48.977] (*) Fusion/SHM: Using MADV_REMOVE (4.4.0.0 >= 2.6.19.2)[2024-02-27 10:29:49.023] (*) Fusion/SHM: Shared root (0) is 1440 bytes [0x1000 @ 0x20000000][2024-02-27 10:29:49.023] (*) Direct/Thread: Started 'Fusion Dispatch' (1313) [MESSAGING - OTHER/0] <8388608>...[2024-02-27 10:29:49.024] (*) Direct/Thread: Started 'Fusion Deferred' (1314) [MESSAGING - OTHER/0] <8388608>...[2024-02-27 10:29:49.024] warning: flash does not support protec(*) Direct/Thread: Started 'VT Switcher' (1318) [CRITICAL - OTHER/0] <8388608>...[2024-02-27 10:29:49.109] (*) Direct/Thread: Started 'VT Flusher' (1319) [DEFAULT - OTHER/0] <8388608>...[2024-02-27 10:29:49.110] (*) DirectFB/FBDev: Found '' (ID 256) with frame buffer at 0xdd100000 32768k (MMIO 0xda244000 0k)[2024-02-27 10:29:49.110] ?&?id: unknown ID 0[2024-02-27 10:29:49.141] (*) Direct/Thread: Started 'GX_IR' (1321) [INPUT - OTHER/0] <8388608>...[2024-02-27 10:29:49.162] (*) DirectFB/Input: GX_IR 0.3 (directfb.org)[2024-02-27 10:29:49.162] [@sirius ]# warning: flash does not support protect![2024-02-27 10:29:49.189] (*) Direct/Thread: Started 'GX_KEYBOARD' (1324) [INPUT - OTHER/0] <8388608>...[2024-02-27 10:29:49.189] (*) DirectFB/Input: GX_KEYBOARD 0.3 (directfb.org)[2024-02-27 10:29:49.237] ?&?<??&?(*) Direct/Thread: Started 'PS/2 Input' (1327) [INPUT - OTHER/0] <8388608>...[2024-02-27 10:29:49.402] (*) DirectFB/Input: IMPS/2 Mouse (1) 1.0 (directfb.org)[2024-02-27 10:29:49.434] (*) Direct/Thread: Started 'PS/2 Input' (1330) [INPUT - OTHER/0] <8388608>...[2024-02-27 10:29:49.466] (*) DirectFB/Input: IMPS/2 Mouse (2) 1.0 (directfb.org)[2024-02-27 10:29:49.466] ?&???<<<?*) Direct/Thread: Started 'Linux Input' (1331) [INPUT - OTHER/0] <8388608>...[2024-02-27 10:29:49.542] (*) DirectFB/Input: goxceed remote control 0.1 (directfb.org)[2024-02-27 10:29:49.542] (*) Direct/Thread: Started 'Hotplug with Linux Input' (1332) [INPUT - OTHER/0] <8388608>...[2024-02-27 10:29:49.542] (*) DirectFB/Input: Hot-plug detection enabled with Linux Input Driver [2024-02-27 10:29:49.543] dev : /dev/fb0[2024-02-27 10:29:49.543] local->devfd = 26[2024-02-27 10:29:49.543] (*) DirectFB/Graphics: National Chip gxcard-1.0 1.0 (directfb.org)[2024-02-27 10:29:49.543] @@@@@@@@@@@@@@@@Set Encoder OK@@@@@@@@@@@@@@@@[2024-02-27 10:29:49.543] *out_connectors = 0x48[2024-02-27 10:29:49.543] (*) DirectFB/Core/WM: SaWMan 0.2 (directfb.org)[2024-02-27 10:29:49.591] (*) Direct/Thread: Started 'Genefx' (1333) [DEFAULT - OTHER/0] <8388608>...[2024-02-27 10:29:49.591] (*) SaWMan: Initializing stack 0x2109a200 for tier 0x224b3000 0x0 layer 0 context 0x20091000 [537464864]...[2024-02-27 10:29:49.591] (*) SaWMan/Init: Layer  0:  1280x720 ARGB options: 0[2024-02-27 10:29:49.591] (*) SaWMan/Init: Border 0:  1280x720 ARGB options: 8[2024-02-27 10:29:49.591] ?&??<?<<?<?&???<??<<??<??&??&????<???<<???<???&?????<????<<????<????warning: flash does not support protect![2024-02-27 10:29:50.147] ?&??????<?????<<?????<?????&?warning: flash does not support protect![2024-02-27 10:29:50.307] ifconfig: SIOCSIFHWADDR: Cannot assign requested address[2024-02-27 10:29:50.376] [Player] av_secure_memhole_init: firewall_flag = 0[2024-02-27 10:29:50.376] --------------start browser start----------------[2024-02-27 10:29:50.376] /usr/bin/browser[2024-02-27 10:29:50.376] --no-display --disable-gpu file:///usr/bin/res_browser_full/dcas_app/start.html[2024-02-27 10:29:50.376] ?&???????<??????<<??????<??????commandline read: service_apm[2024-02-27 10:29:50.422] commandline read: -u[2024-02-27 10:29:50.422] commandline read: /usr/data/appcfg.ini[2024-02-27 10:29:50.422] commandline read: -s[2024-02-27 10:29:50.422] commandline read: /usr/data/syscfg.ini[2024-02-27 10:29:50.423] (*) Direct/Thread: Started 'SigHandler' (1358) [CRITICAL - OTHER/0] <8388608>...[2024-02-27 10:29:50.423] [2024-02-27 10:29:50.423]    ~~~~~~~~~~~~~~~~~~~~~~~~~| DirectFB 1.7.7 |~~~~~~~~~~~~~~~~~~~~~~~~~~[2024-02-27 10:29:50.423]         (c) 2012-2015  DirectFB integrated media GmbH[2024-02-27 10:29:50.423]         (c) 2001-2015  The world wide DirectFB Open Source Community[2024-02-27 10:29:50.423]         (c) 2000-2004  Convergence (integrated media) GmbH[2024-02-27 10:29:50.423]       ----------------------------------------------------------------[2024-02-27 10:29:50.465] [2024-02-27 10:29:50.465] (*) DirectFB/Core: Multi Application Core. (2024-02-26 00:52) [2024-02-27 10:29:50.465] (*) Direct/Memcpy: Forced to use armasm_memcpy()[2024-02-27 10:29:50.466] (*) Fusion/SHM: Using MADV_REMOVE (4.4.0.0 >= 2.6.19.2)[2024-02-27 10:29:50.466] (*) Fusion/SHM: Shared root (0) is 1440 bytes [0x1000 @ 0x20000000][2024-02-27 10:29:50.466] (*) Direct/Thread: Started 'Fusion Dispatch' (1360) [MESSAGING - OTHER/0] <8388608>...[2024-02-27 10:29:50.466] (*) Direct/Thread: Started 'Fusion Deferred' (1362) [MESSAGING - OTHER/0] <8388608>...[2024-02-27 10:29:50.467] (*) Core/Resource: Adding ID 2 - '/usr/bin/service_apm'[2024-02-27 10:29:50.515] dev : /dev/fb0[2024-02-27 10:29:50.515] (*) DirectFB/Graphics: National Chip gxcard-1.0 1.0 (directfb.org)[2024-02-27 10:29:50.515] --------------start browser start----------------[2024-02-27 10:29:50.515] /usr/bin/browser[2024-02-27 10:29:50.515] --disable-gpu file:///usr/bin/res_browser_full/dbs/init.html[2024-02-27 10:29:50.516] ?&????????<???????<<???????<???????&?????????<????????<<????????<????????warning: flash does not support protect![2024-02-27 10:29:50.728] ?&??????????<?????????<<?????????<?????????&???????????<??????????<<??????????<??????????&????????????<???????????<<???????????<???????????&?warning: flash does not support protect![2024-02-27 10:29:51.179] ?&?????????????<????????????<<????????????<????????????&??????????????<?????????????<<?????????????<?????????????Initializing WidgetApp for WebApp 2017-8-12 2:39[2024-02-27 10:29:51.850] Initializing WidgetApp for WebApp 2017-8-12 2:39[2024-02-27 10:29:51.850] udhcpc: started v1.27.2[2024-02-27 10:29:51.866]
[    8.993748] service_appman (1344): /proc/1363/oom_adj is deprecated please use /proc/1363/oom_score_adj instead.[2024-02-27 10:29:51.935] udhcpc: sending discover[2024-02-27 10:29:52.064] warning: flash does not support protect![2024-02-27 10:29:52.064] commandline read: init.html[2024-02-27 10:29:52.064] commandline read: start.html[2024-02-27 10:29:52.064] (*) Direct/Thread: Started 'SigHandler' (1425) [CRITICAL - OTHER/0] <8388608>...[2024-02-27 10:29:52.065]
[    9.163565] have found Nationalchip GX1121D ABS chip.[2024-02-27 10:29:52.065] [2024-02-27 10:29:52.065]    ~~~~~~~~~~~~~~~~~~~~~~~~~| DirectFB 1.7.7 |~~~~~~~~~~~~~~~~~~~~~~~~~~[2024-02-27 10:29:52.065]         (c) 2012-2015  DirectFB integrated media GmbH[2024-02-27 10:29:52.065]
[    9.175459] gx_i2c_open_dev()find active i2c devicei2c_devid=1[2024-02-27 10:29:52.065]         (c) 2001-2015  The world wide DirectFB Open Source Community[2024-02-27 10:29:52.108]         (c) 2000-2004  Convergence (integrated media) GmbH[2024-02-27 10:29:52.108]
[    9.192583] Tuner type: RDA5815M[2024-02-27 10:29:52.108]       ----------------------------------------------------------------[2024-02-27 10:29:52.108] [2024-02-27 10:29:52.108] (*) DirectFB/Core: Multi Application Core. (2024-02-26 0[    9.206087] DVB: Attach Tuner (rda5815m)[2024-02-27 10:29:52.108] 0:52) [2024-02-27 10:29:52.108] (*) Direct/Thread: Started 'SigHandler' (1426) [CRITICAL - OTHER/0] <8388608>...[2024-02-27 10:29:52.109] [2024-02-27 10:29:52.109]    ~~~~~~~~~~~~~~~~~~~~~~~~~| DirectFB
[    9.222867] select mode is 2 [2024-02-27 10:29:52.109] 1.7.7 |~~~~~~~~~~~~~~~~~~~~~~~~~~[2024-02-27 10:29:52.109]         (c) 2012-2015  DirectFB integrated media GmbH[2024-02-27 10:29:52.151]         (c) 2001-2015  The world wide DirectFB Open Source Community[2024-02-27 10:29:52.151]         (c) 2000-2004  Convergence (integrated media) GmbH[2024-02-27 10:29:52.151]       ----------------------------------------------------------------[2024-02-27 10:29:52.151] [2024-02-27 10:29:52.151] (*) DirectFB/Core: Multi Application Core. (2024-02-26 00:52) [2024-02-27 10:29:52.151] (*) Direct/Memcpy: Forced to use armasm_memcpy()[2024-02-27 10:29:52.151] (*) Direct/Memcpy: Forced to use armasm_memcpy()[2024-02-27 10:29:52.152] (*) Fusion/SHM: Using MADV_REMOVE (4.4.0.0 >= 2.6.19.2)[2024-02-27 10:29:52.152] (*) Fusion/SHM: Using MADV_REMOVE (4.4.0.0 >= 2.6.19.2)[2024-02-27 10:29:52.194] (*) Fusion/SHM: Shared root (0) is 1440 bytes [0x1000 @ 0x20000000][2024-02-27 10:29:52.194] (*) Direct/Thread: Started 'Fusion Dispatch' (1427) [MESSAGING - OTHER/0] <8388608>...[2024-02-27 10:29:52.194] (*) Fusion/SHM: Shared root (0) is 1440 bytes [0x1000 @ 0x20000000][2024-02-27 10:29:52.194] (*) Direct/Thread: Started 'Fusion Dispatch' (1428) [MESSAGING - OTHER/0] <8388608>...[2024-02-27 10:29:52.194] (*) Direct/Thread: Started 'Fusion Deferred' (1429) [MESSAGING - OTHER/0] <8388608>...[2024-02-27 10:29:52.195] (*) Direct/Thread: Started 'Fusion Deferred' (1430) [MESSAGING - OTHER/0] <8388608>...[2024-02-27 10:29:52.195] (*) Core/Resource: Adding ID 3 - '/usr/bin/browser/content_shell'[2024-02-27 10:29:52.230] (*) Core/Resource: Adding ID 4 - '/usr/bin/browser/content_shell'[2024-02-27 10:29:52.231] dev : /dev/fb0[2024-02-27 10:29:52.231] (*) DirectFB/Graphics: National Chip gxcard-1.0 1.0 (directfb.org)[2024-02-27 10:29:52.231] dev : /dev/fb0[2024-02-27 10:29:52.231] (*) DirectFB/Graphics: National Chip gxcard-1.0 1.0 (directfb.org)[2024-02-27 10:29:52.390]
[    9.510789] [rda5815m_init:114] tuner init ok![2024-02-27 10:29:52.648]
[    9.736453] random: content_shell: uninitialized urandom read (16 bytes read 87 bits of entropy available)[2024-02-27 10:29:52.649]
[    9.744091] random: content_shell: uninitialized urandom read (16 bytes read 87 bits of entropy available)[2024-02-27 10:29:52.649]
[    9.757465] random: content_shell: uninitialized urandom read (16 bytes read 87 bits of entropy available)[2024-02-27 10:29:52.649]
[    9.758883] random: content_shell: uninitialized urandom read (16 bytes read 87 bits of entropy available)[2024-02-27 10:29:52.650]
[    9.760246] random: content_shell: uninitialized urandom read (16 bytes read 87 bits of entropy available)[2024-02-27 10:29:52.692]
[    9.760339] random: content_shell: uninitialized urandom read (8 bytes read 87 bits of entropy available)[2024-02-27 10:29:52.692]
[    9.768027] random: content_shell: uninitialized urandom read (16 bytes read 87 bits of entropy available)[2024-02-27 10:29:52.692]
[    9.768136] random: content_shell: uninitialized urandom read (16 bytes read 87 bits of entropy available)[2024-02-27 10:29:52.693]
[    9.768201] random: content_shell: uninitialized urandom read (8 bytes read 87 bits of entropy available)[2024-02-27 10:29:52.718]
[    9.773541] random: content_shell: uninitialized urandom read (16 bytes read 87 bits of entropy available)[2024-02-27 10:29:52.718]
[    9.837808] [rda5815m_init:114] tuner init ok![2024-02-27 10:29:52.734] [HAL DMX] Compile Time: Feb 26 2024 08:54:49 [2024-02-27 10:29:52.830] [udmx] setup tdt [2024-02-27 10:29:53.693] [DTHNITDESCR] deliveryType[0x43] networkId[0x999]->serviceUpdateVersion[0x3][2024-02-27 10:29:54.348]  DCASServer 90[2024-02-27 10:29:54.364]  DCASServer 92[2024-02-27 10:29:54.443] warning: flash does not support protect![2024-02-27 10:29:54.443] [Player] av_secure_memhole_init: firewall_flag = 0[2024-02-27 10:29:54.603] ==== Initinalize GxPlayer_Open(AV&LOGO) [2024-02-27 10:29:54.955] ====0xb4b007e0: will AS GxPlayer_MediaPlay(LOGO) url = /tmp/iframe_temp.bin[2024-02-27 10:29:55.024] udhcpc: sending discover[2024-02-27 10:29:55.567] ====AS GxPlayer_MediaPlay(LOGO) url = /tmp/iframe_temp.bin[2024-02-27 10:29:55.746]
[   12.852023] VPU_GetVersionInfo(): 18060615[2024-02-27 10:29:55.746]
[   12.856570] [2024-02-27 10:29:55.746]
[   12.856570] [VpuApi] Std: avc Ver: 0x1321[2024-02-27 10:29:55.746] LogoAsync_thread exit 0[2024-02-27 10:29:55.810] GX_COLOR_FMT_ARGB8888![2024-02-27 10:29:55.836] warning: flash does not support protect![2024-02-27 10:29:55.836] [Player]: switch totle cost 249 ms[2024-02-27 10:29:55.836]
[   12.949970] panel type: FD650 V1.0 DIG3[2024-02-27 10:29:55.872] (*) FBDev/Mode: Setting 1280x720 ARGB[2024-02-27 10:29:55.872] (*) FBDev/Mode: Switched to 1280x720 (virtual 1280x1440) at 32 bit (ARGB) pitch 5120[2024-02-27 10:29:55.872] [tdi] HI_LOADER_ReadTdiPara[2024-02-27 10:29:57.519]
[   14.622267] [gx1121d]Set 22k:0 [2024-02-27 10:29:57.520]
[   14.627999] [gx1121d]set polar:0 [R][2024-02-27 10:29:57.520]
[   14.632805] [gx1121d]fre:11980MHz sym:28800KSymbol/S pol:R 22K=0[2024-02-27 10:29:57.583]
[   14.700720] [rda5815m_init:114] tuner init ok![2024-02-27 10:29:57.871]
[   15.002177] [gx1121d]fre:11980MHz LOCKED[2024-02-27 10:29:58.111] udhcpc: sending discover[2024-02-27 10:29:59.693] [tdi] HI_LOADER_ReadTdiPara[2024-02-27 10:30:00.541] [tdi] HI_LOADER_ReadTdiPara[2024-02-27 10:30:00.940]
[   18.070628] [gx1121d]Set 22k:0 [2024-02-27 10:30:00.971]
[   18.080928] [gx1121d]set polar:0 [R][2024-02-27 10:30:00.971]
[   18.087144] [gx1121d]fre:12100MHz sym:28800KSymbol/S pol:R 22K=0[2024-02-27 10:30:01.051]
[   18.172632] [rda5815m_init:114] tuner init ok![2024-02-27 10:30:01.189] /usr/share/udhcpc/default.script: exec: line 7: /usr/share/udhcpc/default.leasefail: not found[2024-02-27 10:30:01.349]
[   18.472207] [gx1121d]fre:12100MHz LOCKED[2024-02-27 10:30:07.520] ====0xb4b007e0: Stop GxPlayer_Close And Open(LOGO) ====[2024-02-27 10:30:07.568]
[   24.692656] [2024-02-27 10:30:07.568]
[   24.692656] freeze[2024-02-27 10:30:09.838]
[   26.965999] random: nonblocking pool is initialized[2024-02-27 10:30:12.827]
[   29.954494] [gx1121d]Set 22k:0 [2024-02-27 10:30:12.850]
[   29.960422] [gx1121d]set polar:0 [R][2024-02-27 10:30:12.850]
[   29.965099] [gx1121d]fre:12060MHz sym:28800KSymbol/S pol:R 22K=0[2024-02-27 10:30:12.914]
[   30.030757] [rda5815m_init:114] tuner init ok![2024-02-27 10:30:13.202]
[   30.332115] [gx1121d]fre:12060MHz LOCKED[2024-02-27 10:30:21.195] udhcpc: sending discover[2024-02-27 10:30:24.264] udhcpc: sending discover[2024-02-27 10:30:27.333] udhcpc: sending discover[2024-02-27 10:30:30.387] /usr/share/udhcpc/default.script: exec: line 7: /usr/share/udhcpc/default.leasefail: not found[2024-02-27 10:30:50.401] udhcpc: sending discover[2024-02-27 10:30:53.471] udhcpc: sending discover[2024-02-27 10:30:56.524] udhcpc: sending discover[2024-02-27 10:30:59.605] /usr/share/udhcpc/default.script: exec: line 7: /usr/share/udhcpc/default.leasefail: not found
;主面板HEX数据串
N1054=,AA 02 01 00 02 26 00 ED 21
;主面板发送方式(ASC or HEX)
N1055=,A
;主面板字符串发送间隔时间ms
N1056=,240
;主面板字符串发送新行
N1057=,N
;多条字符串发送间隔时间ms
N1058=,1000
;接收窗口是否HEX显示方式
N1059=,N
;校验方式,0=None，1=modbusCRC16，2=ADD，3=XOR
N1060=,0
;保存DTR:
N1061=,N
;保存RTS:
N1062=,N
;程序启动时是否打开串口
N1063=,N
;是否分包显示
N1064=,Y
;分包超时时间ms
N1065=,100
;接收窗背景颜色
N1066=,13107086
;显示缓冲上限,200K,500K,1M,2M,5M,10M,20M
N1067=,5000000
;远程IP地址
N1068=,120.76.28.211
;远程端口
N1069=,80
;本地端口
N1070=,777
;选择回车后发送行(带回显)
N1071=,N
;选择按键立即发送键值
N1072=,Y
;选择回显
N1073=,N
;第几字节至末尾加校验
N1074=,1
;至末尾倒数第几字节加校验,存第几个项目
N1075=,0
;终端仿真输入回车后是否自动加换行
N1076=,N
;当前串口号Port=COMX,网络模式):1=TCPCLIENT,2=TCPSERVER,3=UDP
N1080=,COM1
;波特率Band rate
N1081=,115200
;保存窗口宽度
N1082=,1312
;保存窗口高度
N1083=,938
;保存窗口left
N1084=,6
;保存窗口top
N1085=,51
;分割线位置(右侧装多条自定义字符串的容器宽度)
N1086=,459
;多条发送按钮的宽度
N1087=,99
;保存窗口字体名称
N1088=,宋体
;保存窗口字体大小
N1089=,12
;保存窗口字体颜色
N1090=,0
;C:Chinese汉语,E:English
N1100=,汉语
;end